{"timestamp":"2026-09-29T15:12:48.451889Z","level":"info","event":"::group::Pre Execute","logger":"task","filename":"task_runner.py","lineno":2412}
{"timestamp":"2026-09-29T15:12:48.476122Z","level":"info","event":"DAG bundles loaded: dags-folder","ti_id":"01a0edb9-a0b6-78b2-b825-5e55d5f17858","dag_id":"climatepulse_pipeline","map_index":-1,"task_id":"air_quality_kafka_consumer","try_number":1,"run_id":"manual__2026-09-29T15:12:40.594300+00:00","logger":"airflow.dag_processing.bundles.manager.DagBundlesManager","filename":"manager.py","lineno":304}
{"timestamp":"2026-09-29T15:12:48.477753Z","level":"info","event":"Filling up the DagBag from /opt/airflow/dags/climatepulse_dag.py","ti_id":"01a0edb9-a0b6-78b2-b825-5e55d5f17858","dag_id":"climatepulse_pipeline","map_index":-1,"task_id":"air_quality_kafka_consumer","try_number":1,"run_id":"manual__2026-09-29T15:12:40.594300+00:00","logger":"airflow.dag_processing.dagbag.BundleDagBag","filename":"dagbag.py","lineno":460}
{"timestamp":"2026-09-29T15:12:48.510228Z","level":"info","event":"Worker startup parse complete","bundle_name":"dags-folder","bundle_version":null,"dag_file":"climatepulse_dag.py","dag_id":"climatepulse_pipeline","bundle_prepare_ms":2,"dag_file_parse_ms":32,"ti_id":"01a0edb9-a0b6-78b2-b825-5e55d5f17858","map_index":-1,"task_id":"air_quality_kafka_consumer","try_number":1,"run_id":"manual__2026-09-29T15:12:40.594300+00:00","logger":"task","filename":"task_runner.py","lineno":1073}
{"timestamp":"2026-09-29T15:12:48.535833Z","level":"info","event":"::endgroup::","ti_id":"01a0edb9-a0b6-78b2-b825-5e55d5f17858","dag_id":"climatepulse_pipeline","map_index":-1,"task_id":"air_quality_kafka_consumer","try_number":1,"run_id":"manual__2026-09-29T15:12:40.594300+00:00","logger":"task","filename":"task_runner.py","lineno":2232}
{"timestamp":"2026-09-29T15:12:48.755845Z","level":"info","event":"IO loop starting (client_id=kafka-python-3.0.11)","logger":"kafka.net.selector","filename":"selector.py","lineno":236}
{"timestamp":"2026-09-29T15:12:48.756563Z","level":"info","event":"Attempting bootstrap to bootstrap-0 at climatepulse-kafka:29092 (rack None)","logger":"kafka.net.manager","filename":"manager.py","lineno":119}
{"timestamp":"2026-09-29T15:12:48.756679Z","level":"info","event":"Initializing connection for node_id bootstrap-0 at climatepulse-kafka:29092 (rack=None)","logger":"kafka.net.manager","filename":"manager.py","lineno":282}
{"timestamp":"2026-09-29T15:12:48.758677Z","level":"info","event":"<KafkaTCPTransport [172.19.0.4:29092<-50976]>: connected to <socket.socket fd=34, family=2, type=1, proto=6, laddr=('172.19.0.3', 50976), raddr=('172.19.0.4', 29092)>","logger":"kafka.net.transport","filename":"transport.py","lineno":354}
{"timestamp":"2026-09-29T15:12:48.762425Z","level":"info","event":"<KafkaConnection node_id=bootstrap-0 host=[172.19.0.4:29092<-50976] broker_version=unknown (initializing)>: Broker version identified as 4.0","logger":"kafka.net.connection","filename":"connection.py","lineno":415}
{"timestamp":"2026-09-29T15:12:48.762976Z","level":"info","event":"<KafkaConnection node_id=bootstrap-0 host=[172.19.0.4:29092<-50976] broker_version=(4, 0) (connected)>: Connected","logger":"kafka.net.connection","filename":"connection.py","lineno":375}
{"timestamp":"2026-09-29T15:12:48.768949Z","level":"info","event":"Updated metadata: ClusterMetadata(brokers: 1, topics: 0, coordinators: 0)","logger":"kafka.cluster","filename":"cluster.py","lineno":638}
{"timestamp":"2026-09-29T15:12:48.769192Z","level":"info","event":"Bootstrap complete: ClusterMetadata(brokers: 1, topics: 0, coordinators: 0)","logger":"kafka.net.manager","filename":"manager.py","lineno":162}
{"timestamp":"2026-09-29T15:12:48.769260Z","level":"info","event":"Closing bootstrap connection bootstrap-0","logger":"kafka.net.manager","filename":"manager.py","lineno":165}
{"timestamp":"2026-09-29T15:12:48.769465Z","level":"info","event":"<KafkaTCPTransport [172.19.0.4:29092<-50976]>: Closing transport","logger":"kafka.net.transport","filename":"transport.py","lineno":49}
{"timestamp":"2026-09-29T15:12:48.769736Z","level":"info","event":"<KafkaConnection node_id=bootstrap-0 broker_version=(4, 0) (disconnected)>: Connection closed","logger":"kafka.net.connection","filename":"connection.py","lineno":242}
{"timestamp":"2026-09-29T15:12:48.769905Z","level":"info","event":"Starting metadata refresh loop","logger":"kafka.cluster","filename":"cluster.py","lineno":120}
{"timestamp":"2026-09-29T15:12:48.771004Z","level":"info","event":"Updating subscribed topics to: ('air_quality_data',)","logger":"kafka.consumer.subscription_state","ti_id":"01a0edb9-a0b6-78b2-b825-5e55d5f17858","dag_id":"climatepulse_pipeline","map_index":-1,"task_id":"air_quality_kafka_consumer","try_number":1,"run_id":"manual__2026-09-29T15:12:40.594300+00:00","filename":"subscription_state.py","lineno":178}
{"timestamp":"2026-09-29T15:12:48.869353Z","level":"info","event":"Initializing connection for node_id 1 at climatepulse-kafka:29092 (rack=None)","logger":"kafka.net.manager","filename":"manager.py","lineno":282}
{"timestamp":"2026-09-29T15:12:48.870813Z","level":"info","event":"<KafkaTCPTransport [172.19.0.4:29092<-50988]>: connected to <socket.socket fd=34, family=2, type=1, proto=6, laddr=('172.19.0.3', 50988), raddr=('172.19.0.4', 29092)>","logger":"kafka.net.transport","filename":"transport.py","lineno":354}
{"timestamp":"2026-09-29T15:12:48.872651Z","level":"info","event":"<KafkaConnection node_id=1 host=[172.19.0.4:29092<-50988] broker_version=(4, 0) (connected)>: Connected","logger":"kafka.net.connection","filename":"connection.py","lineno":375}
{"timestamp":"2026-09-29T15:12:48.874997Z","level":"info","event":"Updated metadata: ClusterMetadata(brokers: 1, topics: 1, coordinators: 0)","logger":"kafka.cluster","filename":"cluster.py","lineno":638}
{"timestamp":"2026-09-29T15:12:48.875468Z","level":"info","event":"Updated partition assignment: [TopicPartition(topic='air_quality_data', partition=0)]","logger":"kafka.consumer.subscription_state","filename":"subscription_state.py","lineno":270}
{"timestamp":"2026-09-29T15:12:48.979834Z","level":"info","event":"Resetting offset for partition TopicPartition(topic='air_quality_data', partition=0) to offset 0.","logger":"kafka.consumer.fetcher","filename":"fetcher.py","lineno":688}
{"timestamp":"2026-09-29T15:12:49.007914Z","level":"info","event":"Received message 1/168","logger":"task.stdout"}
{"timestamp":"2026-09-29T15:12:49.008291Z","level":"info","event":"Received message 2/168","logger":"task.stdout"}
{"timestamp":"2026-09-29T15:12:49.008562Z","level":"info","event":"Received message 3/168","logger":"task.stdout"}
{"timestamp":"2026-09-29T15:12:49.009250Z","level":"info","event":"Received message 4/168","logger":"task.stdout"}
{"timestamp":"2026-09-29T15:12:49.009503Z","level":"info","event":"Received message 5/168","logger":"task.stdout"}
{"timestamp":"2026-09-29T15:12:49.009821Z","level":"info","event":"Received message 6/168","logger":"task.stdout"}
{"timestamp":"2026-09-29T15:12:49.010135Z","level":"info","event":"Received message 7/168","logger":"task.stdout"}
{"timestamp":"2026-09-29T15:12:49.010576Z","level":"info","event":"Received message 8/168","logger":"task.stdout"}
{"timestamp":"2026-09-29T15:12:49.010847Z","level":"info","event":"Received message 9/168","logger":"task.stdout"}
{"timestamp":"2026-09-29T15:12:49.011082Z","level":"info","event":"Received message 10/168","logger":"task.stdout"}
{"timestamp":"2026-09-29T15:12:49.011332Z","level":"info","event":"Received message 11/168","logger":"task.stdout"}
{"timestamp":"2026-09-29T15:12:49.011628Z","level":"info","event":"Received message 12/168","logger":"task.stdout"}
{"timestamp":"2026-09-29T15:12:49.011934Z","level":"info","event":"Received message 13/168","logger":"task.stdout"}
{"timestamp":"2026-09-29T15:12:49.012198Z","level":"info","event":"Received message 14/168","logger":"task.stdout"}
{"timestamp":"2026-09-29T15:12:49.012458Z","level":"info","event":"Received message 15/168","logger":"task.stdout"}
{"timestamp":"2026-09-29T15:12:49.012704Z","level":"info","event":"Received message 16/168","logger":"task.stdout"}
{"timestamp":"2026-09-29T15:12:49.012972Z","level":"info","event":"Received message 17/168","logger":"task.stdout"}
{"timestamp":"2026-09-29T15:12:49.013339Z","level":"info","event":"Received message 18/168","logger":"task.stdout"}
{"timestamp":"2026-09-29T15:12:49.013586Z","level":"info","event":"Received message 19/168","logger":"task.stdout"}
{"timestamp":"2026-09-29T15:12:49.013810Z","level":"info","event":"Received message 20/168","logger":"task.stdout"}
{"timestamp":"2026-09-29T15:12:49.014076Z","level":"info","event":"Received message 21/168","logger":"task.stdout"}
{"timestamp":"2026-09-29T15:12:49.014353Z","level":"info","event":"Received message 22/168","logger":"task.stdout"}
{"timestamp":"2026-09-29T15:12:49.014600Z","level":"info","event":"Received message 23/168","logger":"task.stdout"}
{"timestamp":"2026-09-29T15:12:49.014834Z","level":"info","event":"Received message 24/168","logger":"task.stdout"}
{"timestamp":"2026-09-29T15:12:49.015059Z","level":"info","event":"Received message 25/168","logger":"task.stdout"}
{"timestamp":"2026-09-29T15:12:49.015286Z","level":"info","event":"Received message 26/168","logger":"task.stdout"}
{"timestamp":"2026-09-29T15:12:49.015509Z","level":"info","event":"Received message 27/168","logger":"task.stdout"}
{"timestamp":"2026-09-29T15:12:49.016081Z","level":"info","event":"Received message 28/168","logger":"task.stdout"}
{"timestamp":"2026-09-29T15:12:49.016297Z","level":"info","event":"Received message 29/168","logger":"task.stdout"}
{"timestamp":"2026-09-29T15:12:49.016560Z","level":"info","event":"Received message 30/168","logger":"task.stdout"}
{"timestamp":"2026-09-29T15:12:49.016888Z","level":"info","event":"Received message 31/168","logger":"task.stdout"}
{"timestamp":"2026-09-29T15:12:49.017136Z","level":"info","event":"Received message 32/168","logger":"task.stdout"}
{"timestamp":"2026-09-29T15:12:49.017392Z","level":"info","event":"Received message 33/168","logger":"task.stdout"}
{"timestamp":"2026-09-29T15:12:49.017648Z","level":"info","event":"Received message 34/168","logger":"task.stdout"}
{"timestamp":"2026-09-29T15:12:49.017888Z","level":"info","event":"Received message 35/168","logger":"task.stdout"}
{"timestamp":"2026-09-29T15:12:49.018102Z","level":"info","event":"Received message 36/168","logger":"task.stdout"}
{"timestamp":"2026-09-29T15:12:49.018336Z","level":"info","event":"Received message 37/168","logger":"task.stdout"}
{"timestamp":"2026-09-29T15:12:49.018596Z","level":"info","event":"Received message 38/168","logger":"task.stdout"}
{"timestamp":"2026-09-29T15:12:49.018846Z","level":"info","event":"Received message 39/168","logger":"task.stdout"}
{"timestamp":"2026-09-29T15:12:49.019124Z","level":"info","event":"Received message 40/168","logger":"task.stdout"}
{"timestamp":"2026-09-29T15:12:49.019338Z","level":"info","event":"Received message 41/168","logger":"task.stdout"}
{"timestamp":"2026-09-29T15:12:49.019552Z","level":"info","event":"Received message 42/168","logger":"task.stdout"}
{"timestamp":"2026-09-29T15:12:49.019816Z","level":"info","event":"Received message 43/168","logger":"task.stdout"}
{"timestamp":"2026-09-29T15:12:49.020117Z","level":"info","event":"Received message 44/168","logger":"task.stdout"}
{"timestamp":"2026-09-29T15:12:49.020415Z","level":"info","event":"Received message 45/168","logger":"task.stdout"}
{"timestamp":"2026-09-29T15:12:49.020634Z","level":"info","event":"Received message 46/168","logger":"task.stdout"}
{"timestamp":"2026-09-29T15:12:49.020817Z","level":"info","event":"Received message 47/168","logger":"task.stdout"}
{"timestamp":"2026-09-29T15:12:49.021032Z","level":"info","event":"Received message 48/168","logger":"task.stdout"}
{"timestamp":"2026-09-29T15:12:49.021300Z","level":"info","event":"Received message 49/168","logger":"task.stdout"}
{"timestamp":"2026-09-29T15:12:49.021596Z","level":"info","event":"Received message 50/168","logger":"task.stdout"}
{"timestamp":"2026-09-29T15:12:49.021875Z","level":"info","event":"Received message 51/168","logger":"task.stdout"}
{"timestamp":"2026-09-29T15:12:49.022139Z","level":"info","event":"Received message 52/168","logger":"task.stdout"}
{"timestamp":"2026-09-29T15:12:49.022407Z","level":"info","event":"Received message 53/168","logger":"task.stdout"}
{"timestamp":"2026-09-29T15:12:49.022622Z","level":"info","event":"Received message 54/168","logger":"task.stdout"}
{"timestamp":"2026-09-29T15:12:49.023241Z","level":"info","event":"Received message 55/168","logger":"task.stdout"}
{"timestamp":"2026-09-29T15:12:49.023543Z","level":"info","event":"Received message 56/168","logger":"task.stdout"}
{"timestamp":"2026-09-29T15:12:49.023835Z","level":"info","event":"Received message 57/168","logger":"task.stdout"}
{"timestamp":"2026-09-29T15:12:49.024098Z","level":"info","event":"Received message 58/168","logger":"task.stdout"}
{"timestamp":"2026-09-29T15:12:49.024392Z","level":"info","event":"Received message 59/168","logger":"task.stdout"}
{"timestamp":"2026-09-29T15:12:49.024624Z","level":"info","event":"Received message 60/168","logger":"task.stdout"}
{"timestamp":"2026-09-29T15:12:49.024850Z","level":"info","event":"Received message 61/168","logger":"task.stdout"}
{"timestamp":"2026-09-29T15:12:49.025068Z","level":"info","event":"Received message 62/168","logger":"task.stdout"}
{"timestamp":"2026-09-29T15:12:49.025328Z","level":"info","event":"Received message 63/168","logger":"task.stdout"}
{"timestamp":"2026-09-29T15:12:49.025553Z","level":"info","event":"Received message 64/168","logger":"task.stdout"}
{"timestamp":"2026-09-29T15:12:49.025804Z","level":"info","event":"Received message 65/168","logger":"task.stdout"}
{"timestamp":"2026-09-29T15:12:49.026098Z","level":"info","event":"Received message 66/168","logger":"task.stdout"}
{"timestamp":"2026-09-29T15:12:49.026347Z","level":"info","event":"Received message 67/168","logger":"task.stdout"}
{"timestamp":"2026-09-29T15:12:49.026579Z","level":"info","event":"Received message 68/168","logger":"task.stdout"}
{"timestamp":"2026-09-29T15:12:49.026813Z","level":"info","event":"Received message 69/168","logger":"task.stdout"}
{"timestamp":"2026-09-29T15:12:49.027046Z","level":"info","event":"Received message 70/168","logger":"task.stdout"}
{"timestamp":"2026-09-29T15:12:49.027266Z","level":"info","event":"Received message 71/168","logger":"task.stdout"}
{"timestamp":"2026-09-29T15:12:49.027477Z","level":"info","event":"Received message 72/168","logger":"task.stdout"}
{"timestamp":"2026-09-29T15:12:49.027683Z","level":"info","event":"Received message 73/168","logger":"task.stdout"}
{"timestamp":"2026-09-29T15:12:49.027884Z","level":"info","event":"Received message 74/168","logger":"task.stdout"}
{"timestamp":"2026-09-29T15:12:49.028069Z","level":"info","event":"Received message 75/168","logger":"task.stdout"}
{"timestamp":"2026-09-29T15:12:49.028292Z","level":"info","event":"Received message 76/168","logger":"task.stdout"}
{"timestamp":"2026-09-29T15:12:49.028532Z","level":"info","event":"Received message 77/168","logger":"task.stdout"}
{"timestamp":"2026-09-29T15:12:49.028743Z","level":"info","event":"Received message 78/168","logger":"task.stdout"}
{"timestamp":"2026-09-29T15:12:49.028986Z","level":"info","event":"Received message 79/168","logger":"task.stdout"}
{"timestamp":"2026-09-29T15:12:49.029190Z","level":"info","event":"Received message 80/168","logger":"task.stdout"}
{"timestamp":"2026-09-29T15:12:49.029381Z","level":"info","event":"Received message 81/168","logger":"task.stdout"}
{"timestamp":"2026-09-29T15:12:49.029629Z","level":"info","event":"Received message 82/168","logger":"task.stdout"}
{"timestamp":"2026-09-29T15:12:49.030087Z","level":"info","event":"Received message 83/168","logger":"task.stdout"}
{"timestamp":"2026-09-29T15:12:49.030327Z","level":"info","event":"Received message 84/168","logger":"task.stdout"}
{"timestamp":"2026-09-29T15:12:49.030568Z","level":"info","event":"Received message 85/168","logger":"task.stdout"}
{"timestamp":"2026-09-29T15:12:49.030871Z","level":"info","event":"Received message 86/168","logger":"task.stdout"}
{"timestamp":"2026-09-29T15:12:49.031122Z","level":"info","event":"Received message 87/168","logger":"task.stdout"}
{"timestamp":"2026-09-29T15:12:49.031361Z","level":"info","event":"Received message 88/168","logger":"task.stdout"}
{"timestamp":"2026-09-29T15:12:49.031584Z","level":"info","event":"Received message 89/168","logger":"task.stdout"}
{"timestamp":"2026-09-29T15:12:49.031790Z","level":"info","event":"Received message 90/168","logger":"task.stdout"}
{"timestamp":"2026-09-29T15:12:49.031986Z","level":"info","event":"Received message 91/168","logger":"task.stdout"}
{"timestamp":"2026-09-29T15:12:49.032258Z","level":"info","event":"Received message 92/168","logger":"task.stdout"}
{"timestamp":"2026-09-29T15:12:49.032466Z","level":"info","event":"Received message 93/168","logger":"task.stdout"}
{"timestamp":"2026-09-29T15:12:49.032695Z","level":"info","event":"Received message 94/168","logger":"task.stdout"}
{"timestamp":"2026-09-29T15:12:49.032905Z","level":"info","event":"Received message 95/168","logger":"task.stdout"}
{"timestamp":"2026-09-29T15:12:49.033130Z","level":"info","event":"Received message 96/168","logger":"task.stdout"}
{"timestamp":"2026-09-29T15:12:49.033338Z","level":"info","event":"Received message 97/168","logger":"task.stdout"}
{"timestamp":"2026-09-29T15:12:49.033565Z","level":"info","event":"Received message 98/168","logger":"task.stdout"}
{"timestamp":"2026-09-29T15:12:49.033780Z","level":"info","event":"Received message 99/168","logger":"task.stdout"}
{"timestamp":"2026-09-29T15:12:49.034029Z","level":"info","event":"Received message 100/168","logger":"task.stdout"}
{"timestamp":"2026-09-29T15:12:49.034232Z","level":"info","event":"Received message 101/168","logger":"task.stdout"}
{"timestamp":"2026-09-29T15:12:49.034445Z","level":"info","event":"Received message 102/168","logger":"task.stdout"}
{"timestamp":"2026-09-29T15:12:49.034653Z","level":"info","event":"Received message 103/168","logger":"task.stdout"}
{"timestamp":"2026-09-29T15:12:49.034835Z","level":"info","event":"Received message 104/168","logger":"task.stdout"}
{"timestamp":"2026-09-29T15:12:49.035053Z","level":"info","event":"Received message 105/168","logger":"task.stdout"}
{"timestamp":"2026-09-29T15:12:49.035267Z","level":"info","event":"Received message 106/168","logger":"task.stdout"}
{"timestamp":"2026-09-29T15:12:49.035470Z","level":"info","event":"Received message 107/168","logger":"task.stdout"}
{"timestamp":"2026-09-29T15:12:49.035689Z","level":"info","event":"Received message 108/168","logger":"task.stdout"}
{"timestamp":"2026-09-29T15:12:49.035906Z","level":"info","event":"Received message 109/168","logger":"task.stdout"}
{"timestamp":"2026-09-29T15:12:49.036121Z","level":"info","event":"Received message 110/168","logger":"task.stdout"}
{"timestamp":"2026-09-29T15:12:49.036335Z","level":"info","event":"Received message 111/168","logger":"task.stdout"}
{"timestamp":"2026-09-29T15:12:49.036908Z","level":"info","event":"Received message 112/168","logger":"task.stdout"}
{"timestamp":"2026-09-29T15:12:49.037120Z","level":"info","event":"Received message 113/168","logger":"task.stdout"}
{"timestamp":"2026-09-29T15:12:49.037286Z","level":"info","event":"Received message 114/168","logger":"task.stdout"}
{"timestamp":"2026-09-29T15:12:49.037481Z","level":"info","event":"Received message 115/168","logger":"task.stdout"}
{"timestamp":"2026-09-29T15:12:49.037711Z","level":"info","event":"Received message 116/168","logger":"task.stdout"}
{"timestamp":"2026-09-29T15:12:49.037916Z","level":"info","event":"Received message 117/168","logger":"task.stdout"}
{"timestamp":"2026-09-29T15:12:49.038136Z","level":"info","event":"Received message 118/168","logger":"task.stdout"}
{"timestamp":"2026-09-29T15:12:49.038344Z","level":"info","event":"Received message 119/168","logger":"task.stdout"}
{"timestamp":"2026-09-29T15:12:49.038554Z","level":"info","event":"Received message 120/168","logger":"task.stdout"}
{"timestamp":"2026-09-29T15:12:49.038776Z","level":"info","event":"Received message 121/168","logger":"task.stdout"}
{"timestamp":"2026-09-29T15:12:49.039583Z","level":"info","event":"Received message 122/168","logger":"task.stdout"}
{"timestamp":"2026-09-29T15:12:49.039848Z","level":"info","event":"Received message 123/168","logger":"task.stdout"}
{"timestamp":"2026-09-29T15:12:49.040049Z","level":"info","event":"Received message 124/168","logger":"task.stdout"}
{"timestamp":"2026-09-29T15:12:49.040261Z","level":"info","event":"Received message 125/168","logger":"task.stdout"}
{"timestamp":"2026-09-29T15:12:49.040466Z","level":"info","event":"Received message 126/168","logger":"task.stdout"}
{"timestamp":"2026-09-29T15:12:49.040679Z","level":"info","event":"Received message 127/168","logger":"task.stdout"}
{"timestamp":"2026-09-29T15:12:49.040905Z","level":"info","event":"Received message 128/168","logger":"task.stdout"}
{"timestamp":"2026-09-29T15:12:49.041130Z","level":"info","event":"Received message 129/168","logger":"task.stdout"}
{"timestamp":"2026-09-29T15:12:49.041679Z","level":"info","event":"Received message 130/168","logger":"task.stdout"}
{"timestamp":"2026-09-29T15:12:49.041931Z","level":"info","event":"Received message 131/168","logger":"task.stdout"}
{"timestamp":"2026-09-29T15:12:49.042168Z","level":"info","event":"Received message 132/168","logger":"task.stdout"}
{"timestamp":"2026-09-29T15:12:49.042350Z","level":"info","event":"Received message 133/168","logger":"task.stdout"}
{"timestamp":"2026-09-29T15:12:49.042560Z","level":"info","event":"Received message 134/168","logger":"task.stdout"}
{"timestamp":"2026-09-29T15:12:49.042774Z","level":"info","event":"Received message 135/168","logger":"task.stdout"}
{"timestamp":"2026-09-29T15:12:49.042997Z","level":"info","event":"Received message 136/168","logger":"task.stdout"}
{"timestamp":"2026-09-29T15:12:49.043218Z","level":"info","event":"Received message 137/168","logger":"task.stdout"}
{"timestamp":"2026-09-29T15:12:49.043439Z","level":"info","event":"Received message 138/168","logger":"task.stdout"}
{"timestamp":"2026-09-29T15:12:49.044022Z","level":"info","event":"Received message 139/168","logger":"task.stdout"}
{"timestamp":"2026-09-29T15:12:49.044249Z","level":"info","event":"Received message 140/168","logger":"task.stdout"}
{"timestamp":"2026-09-29T15:12:49.044472Z","level":"info","event":"Received message 141/168","logger":"task.stdout"}
{"timestamp":"2026-09-29T15:12:49.044759Z","level":"info","event":"Received message 142/168","logger":"task.stdout"}
{"timestamp":"2026-09-29T15:12:49.044982Z","level":"info","event":"Received message 143/168","logger":"task.stdout"}
{"timestamp":"2026-09-29T15:12:49.045223Z","level":"info","event":"Received message 144/168","logger":"task.stdout"}
{"timestamp":"2026-09-29T15:12:49.045437Z","level":"info","event":"Received message 145/168","logger":"task.stdout"}
{"timestamp":"2026-09-29T15:12:49.045660Z","level":"info","event":"Received message 146/168","logger":"task.stdout"}
{"timestamp":"2026-09-29T15:12:49.045883Z","level":"info","event":"Received message 147/168","logger":"task.stdout"}
{"timestamp":"2026-09-29T15:12:49.046115Z","level":"info","event":"Received message 148/168","logger":"task.stdout"}
{"timestamp":"2026-09-29T15:12:49.046462Z","level":"info","event":"Received message 149/168","logger":"task.stdout"}
{"timestamp":"2026-09-29T15:12:49.046778Z","level":"info","event":"Received message 150/168","logger":"task.stdout"}
{"timestamp":"2026-09-29T15:12:49.047054Z","level":"info","event":"Received message 151/168","logger":"task.stdout"}
{"timestamp":"2026-09-29T15:12:49.047281Z","level":"info","event":"Received message 152/168","logger":"task.stdout"}
{"timestamp":"2026-09-29T15:12:49.047507Z","level":"info","event":"Received message 153/168","logger":"task.stdout"}
{"timestamp":"2026-09-29T15:12:49.047745Z","level":"info","event":"Received message 154/168","logger":"task.stdout"}
{"timestamp":"2026-09-29T15:12:49.047987Z","level":"info","event":"Received message 155/168","logger":"task.stdout"}
{"timestamp":"2026-09-29T15:12:49.048238Z","level":"info","event":"Received message 156/168","logger":"task.stdout"}
{"timestamp":"2026-09-29T15:12:49.048455Z","level":"info","event":"Received message 157/168","logger":"task.stdout"}
{"timestamp":"2026-09-29T15:12:49.048683Z","level":"info","event":"Received message 158/168","logger":"task.stdout"}
{"timestamp":"2026-09-29T15:12:49.048925Z","level":"info","event":"Received message 159/168","logger":"task.stdout"}
{"timestamp":"2026-09-29T15:12:49.049562Z","level":"info","event":"Received message 160/168","logger":"task.stdout"}
{"timestamp":"2026-09-29T15:12:49.049802Z","level":"info","event":"Received message 161/168","logger":"task.stdout"}
{"timestamp":"2026-09-29T15:12:49.050043Z","level":"info","event":"Received message 162/168","logger":"task.stdout"}
{"timestamp":"2026-09-29T15:12:49.050237Z","level":"info","event":"Received message 163/168","logger":"task.stdout"}
{"timestamp":"2026-09-29T15:12:49.050471Z","level":"info","event":"Received message 164/168","logger":"task.stdout"}
{"timestamp":"2026-09-29T15:12:49.050985Z","level":"info","event":"Received message 165/168","logger":"task.stdout"}
{"timestamp":"2026-09-29T15:12:49.051186Z","level":"info","event":"Received message 166/168","logger":"task.stdout"}
{"timestamp":"2026-09-29T15:12:49.051371Z","level":"info","event":"Received message 167/168","logger":"task.stdout"}
{"timestamp":"2026-09-29T15:12:49.051666Z","level":"info","event":"Received message 168/168","logger":"task.stdout"}
{"timestamp":"2026-09-29T15:12:49.010343Z","level":"info","event":"Revoking previously assigned partitions {TopicPartition(topic='air_quality_data', partition=0)} for group None on close","logger":"kafka.coordinator.consumer","filename":"consumer.py","lineno":725}
{"timestamp":"2026-09-29T15:12:49.010549Z","level":"info","event":"Updated partition assignment: []","logger":"kafka.consumer.subscription_state","filename":"subscription_state.py","lineno":270}
{"timestamp":"2026-09-29T15:12:49.011035Z","level":"info","event":"<KafkaTCPTransport [172.19.0.4:29092<-50988]>: Closing transport","logger":"kafka.net.transport","ti_id":"01a0edb9-a0b6-78b2-b825-5e55d5f17858","dag_id":"climatepulse_pipeline","map_index":-1,"task_id":"air_quality_kafka_consumer","try_number":1,"run_id":"manual__2026-09-29T15:12:40.594300+00:00","filename":"transport.py","lineno":49}
{"timestamp":"2026-09-29T15:12:49.011350Z","level":"info","event":"<KafkaConnection node_id=1 broker_version=(4, 0) (disconnected)>: Connection closed","logger":"kafka.net.connection","ti_id":"01a0edb9-a0b6-78b2-b825-5e55d5f17858","dag_id":"climatepulse_pipeline","map_index":-1,"task_id":"air_quality_kafka_consumer","try_number":1,"run_id":"manual__2026-09-29T15:12:40.594300+00:00","filename":"connection.py","lineno":242}
{"timestamp":"2026-09-29T15:12:49.011641Z","level":"info","event":"Stopping metadata refresh loop","logger":"kafka.cluster","filename":"cluster.py","lineno":136}
{"timestamp":"2026-09-29T15:12:49.011736Z","level":"info","event":"IO loop exited cleanly (client_id=kafka-python-3.0.11, stop=True)","logger":"kafka.net.selector","filename":"selector.py","lineno":247}
{"timestamp":"2026-09-29T15:12:49.021890Z","level":"info","event":"Done. Returned value was: None","ti_id":"01a0edb9-a0b6-78b2-b825-5e55d5f17858","dag_id":"climatepulse_pipeline","map_index":-1,"task_id":"air_quality_kafka_consumer","try_number":1,"run_id":"manual__2026-09-29T15:12:40.594300+00:00","logger":"airflow.task.operators.airflow.providers.standard.operators.python.PythonOperator","filename":"python.py","lineno":233}
{"timestamp":"2026-09-29T15:12:49.022124Z","level":"info","event":"::group::Post Execute","ti_id":"01a0edb9-a0b6-78b2-b825-5e55d5f17858","dag_id":"climatepulse_pipeline","map_index":-1,"task_id":"air_quality_kafka_consumer","try_number":1,"run_id":"manual__2026-09-29T15:12:40.594300+00:00","logger":"task","filename":"task_runner.py","lineno":1580}
{"timestamp":"2026-09-29T15:12:49.054245Z","level":"info","event":"Successfully consumed 168 messages.","logger":"task.stdout"}
{"timestamp":"2026-09-29T15:12:49.055709Z","level":"info","event":"Saved to data/raw/air_quality_from_kafka.csv","logger":"task.stdout"}
{"timestamp":"2026-09-29T15:12:49.077955Z","level":"info","event":"::endgroup::","ti_id":"01a0edb9-a0b6-78b2-b825-5e55d5f17858","dag_id":"climatepulse_pipeline","map_index":-1,"task_id":"air_quality_kafka_consumer","try_number":1,"run_id":"manual__2026-09-29T15:12:40.594300+00:00","logger":"task","filename":"task_runner.py","lineno":2379}
