{"timestamp":"2026-09-29T15:19:26.148575Z","level":"info","event":"::group::Pre Execute","logger":"task","filename":"task_runner.py","lineno":2412}
{"timestamp":"2026-09-29T15:19:26.176131Z","level":"info","event":"DAG bundles loaded: dags-folder","run_id":"manual__2026-09-29T15:19:17.622406+00:00","map_index":-1,"ti_id":"01a0edbf-afa4-71c2-ac98-39f48d7aa910","task_id":"weather_kafka_consumer","dag_id":"climatepulse_pipeline","try_number":1,"logger":"airflow.dag_processing.bundles.manager.DagBundlesManager","filename":"manager.py","lineno":304}
{"timestamp":"2026-09-29T15:19:26.177626Z","level":"info","event":"Filling up the DagBag from /opt/airflow/dags/climatepulse_dag.py","run_id":"manual__2026-09-29T15:19:17.622406+00:00","map_index":-1,"ti_id":"01a0edbf-afa4-71c2-ac98-39f48d7aa910","task_id":"weather_kafka_consumer","dag_id":"climatepulse_pipeline","try_number":1,"logger":"airflow.dag_processing.dagbag.BundleDagBag","filename":"dagbag.py","lineno":460}
{"timestamp":"2026-09-29T15:19:26.208943Z","level":"info","event":"Worker startup parse complete","bundle_name":"dags-folder","bundle_version":null,"dag_file":"climatepulse_dag.py","dag_id":"climatepulse_pipeline","bundle_prepare_ms":1,"dag_file_parse_ms":31,"run_id":"manual__2026-09-29T15:19:17.622406+00:00","map_index":-1,"ti_id":"01a0edbf-afa4-71c2-ac98-39f48d7aa910","task_id":"weather_kafka_consumer","try_number":1,"logger":"task","filename":"task_runner.py","lineno":1073}
{"timestamp":"2026-09-29T15:19:26.235179Z","level":"info","event":"::endgroup::","run_id":"manual__2026-09-29T15:19:17.622406+00:00","map_index":-1,"ti_id":"01a0edbf-afa4-71c2-ac98-39f48d7aa910","task_id":"weather_kafka_consumer","dag_id":"climatepulse_pipeline","try_number":1,"logger":"task","filename":"task_runner.py","lineno":2232}
{"timestamp":"2026-09-29T15:19:26.403858Z","level":"info","event":"IO loop starting (client_id=kafka-python-3.0.11)","logger":"kafka.net.selector","filename":"selector.py","lineno":236}
{"timestamp":"2026-09-29T15:19:26.404335Z","level":"info","event":"Attempting bootstrap to bootstrap-0 at climatepulse-kafka:29092 (rack None)","logger":"kafka.net.manager","filename":"manager.py","lineno":119}
{"timestamp":"2026-09-29T15:19:26.404436Z","level":"info","event":"Initializing connection for node_id bootstrap-0 at climatepulse-kafka:29092 (rack=None)","logger":"kafka.net.manager","filename":"manager.py","lineno":282}
{"timestamp":"2026-09-29T15:19:26.406417Z","level":"info","event":"<KafkaTCPTransport [172.19.0.4:29092<-58588]>: connected to <socket.socket fd=32, family=2, type=1, proto=6, laddr=('172.19.0.3', 58588), raddr=('172.19.0.4', 29092)>","logger":"kafka.net.transport","filename":"transport.py","lineno":354}
{"timestamp":"2026-09-29T15:19:26.409852Z","level":"info","event":"<KafkaConnection node_id=bootstrap-0 host=[172.19.0.4:29092<-58588] broker_version=unknown (initializing)>: Broker version identified as 4.0","logger":"kafka.net.connection","filename":"connection.py","lineno":415}
{"timestamp":"2026-09-29T15:19:26.410172Z","level":"info","event":"<KafkaConnection node_id=bootstrap-0 host=[172.19.0.4:29092<-58588] broker_version=(4, 0) (connected)>: Connected","logger":"kafka.net.connection","filename":"connection.py","lineno":375}
{"timestamp":"2026-09-29T15:19:26.414750Z","level":"info","event":"Updated metadata: ClusterMetadata(brokers: 1, topics: 0, coordinators: 0)","logger":"kafka.cluster","filename":"cluster.py","lineno":638}
{"timestamp":"2026-09-29T15:19:26.414911Z","level":"info","event":"Bootstrap complete: ClusterMetadata(brokers: 1, topics: 0, coordinators: 0)","logger":"kafka.net.manager","filename":"manager.py","lineno":162}
{"timestamp":"2026-09-29T15:19:26.414970Z","level":"info","event":"Closing bootstrap connection bootstrap-0","logger":"kafka.net.manager","filename":"manager.py","lineno":165}
{"timestamp":"2026-09-29T15:19:26.415122Z","level":"info","event":"<KafkaTCPTransport [172.19.0.4:29092<-58588]>: Closing transport","logger":"kafka.net.transport","filename":"transport.py","lineno":49}
{"timestamp":"2026-09-29T15:19:26.415315Z","level":"info","event":"<KafkaConnection node_id=bootstrap-0 broker_version=(4, 0) (disconnected)>: Connection closed","logger":"kafka.net.connection","filename":"connection.py","lineno":242}
{"timestamp":"2026-09-29T15:19:26.415468Z","level":"info","event":"Starting metadata refresh loop","logger":"kafka.cluster","filename":"cluster.py","lineno":120}
{"timestamp":"2026-09-29T15:19:26.416255Z","level":"info","event":"Updating subscribed topics to: ('weather_data',)","logger":"kafka.consumer.subscription_state","run_id":"manual__2026-09-29T15:19:17.622406+00:00","map_index":-1,"ti_id":"01a0edbf-afa4-71c2-ac98-39f48d7aa910","task_id":"weather_kafka_consumer","dag_id":"climatepulse_pipeline","try_number":1,"filename":"subscription_state.py","lineno":178}
{"timestamp":"2026-09-29T15:19:26.513763Z","level":"info","event":"Initializing connection for node_id 1 at climatepulse-kafka:29092 (rack=None)","logger":"kafka.net.manager","filename":"manager.py","lineno":282}
{"timestamp":"2026-09-29T15:19:26.515170Z","level":"info","event":"<KafkaTCPTransport [172.19.0.4:29092<-58614]>: connected to <socket.socket fd=32, family=2, type=1, proto=6, laddr=('172.19.0.3', 58614), raddr=('172.19.0.4', 29092)>","logger":"kafka.net.transport","filename":"transport.py","lineno":354}
{"timestamp":"2026-09-29T15:19:26.517778Z","level":"info","event":"<KafkaConnection node_id=1 host=[172.19.0.4:29092<-58614] broker_version=(4, 0) (connected)>: Connected","logger":"kafka.net.connection","filename":"connection.py","lineno":375}
{"timestamp":"2026-09-29T15:19:26.519450Z","level":"info","event":"Updated metadata: ClusterMetadata(brokers: 1, topics: 1, coordinators: 0)","logger":"kafka.cluster","filename":"cluster.py","lineno":638}
{"timestamp":"2026-09-29T15:19:26.519868Z","level":"info","event":"Updated partition assignment: [TopicPartition(topic='weather_data', partition=0)]","logger":"kafka.consumer.subscription_state","filename":"subscription_state.py","lineno":270}
{"timestamp":"2026-09-29T15:19:26.621763Z","level":"info","event":"Resetting offset for partition TopicPartition(topic='weather_data', partition=0) to offset 0.","logger":"kafka.consumer.fetcher","filename":"fetcher.py","lineno":688}
{"timestamp":"2026-09-29T15:19:26.649994Z","level":"info","event":"Received message 1/168","logger":"task.stdout"}
{"timestamp":"2026-09-29T15:19:26.650820Z","level":"info","event":"Received message 2/168","logger":"task.stdout"}
{"timestamp":"2026-09-29T15:19:26.651146Z","level":"info","event":"Received message 3/168","logger":"task.stdout"}
{"timestamp":"2026-09-29T15:19:26.651659Z","level":"info","event":"Received message 4/168","logger":"task.stdout"}
{"timestamp":"2026-09-29T15:19:26.651926Z","level":"info","event":"Received message 5/168","logger":"task.stdout"}
{"timestamp":"2026-09-29T15:19:26.652315Z","level":"info","event":"Received message 6/168","logger":"task.stdout"}
{"timestamp":"2026-09-29T15:19:26.652662Z","level":"info","event":"Received message 7/168","logger":"task.stdout"}
{"timestamp":"2026-09-29T15:19:26.653057Z","level":"info","event":"Received message 8/168","logger":"task.stdout"}
{"timestamp":"2026-09-29T15:19:26.653323Z","level":"info","event":"Received message 9/168","logger":"task.stdout"}
{"timestamp":"2026-09-29T15:19:26.653659Z","level":"info","event":"Received message 10/168","logger":"task.stdout"}
{"timestamp":"2026-09-29T15:19:26.653905Z","level":"info","event":"Received message 11/168","logger":"task.stdout"}
{"timestamp":"2026-09-29T15:19:26.654132Z","level":"info","event":"Received message 12/168","logger":"task.stdout"}
{"timestamp":"2026-09-29T15:19:26.654361Z","level":"info","event":"Received message 13/168","logger":"task.stdout"}
{"timestamp":"2026-09-29T15:19:26.654584Z","level":"info","event":"Received message 14/168","logger":"task.stdout"}
{"timestamp":"2026-09-29T15:19:26.655278Z","level":"info","event":"Received message 15/168","logger":"task.stdout"}
{"timestamp":"2026-09-29T15:19:26.655532Z","level":"info","event":"Received message 16/168","logger":"task.stdout"}
{"timestamp":"2026-09-29T15:19:26.655756Z","level":"info","event":"Received message 17/168","logger":"task.stdout"}
{"timestamp":"2026-09-29T15:19:26.656065Z","level":"info","event":"Received message 18/168","logger":"task.stdout"}
{"timestamp":"2026-09-29T15:19:26.656542Z","level":"info","event":"Received message 19/168","logger":"task.stdout"}
{"timestamp":"2026-09-29T15:19:26.656853Z","level":"info","event":"Received message 20/168","logger":"task.stdout"}
{"timestamp":"2026-09-29T15:19:26.657178Z","level":"info","event":"Received message 21/168","logger":"task.stdout"}
{"timestamp":"2026-09-29T15:19:26.657383Z","level":"info","event":"Received message 22/168","logger":"task.stdout"}
{"timestamp":"2026-09-29T15:19:26.657563Z","level":"info","event":"Received message 23/168","logger":"task.stdout"}
{"timestamp":"2026-09-29T15:19:26.657737Z","level":"info","event":"Received message 24/168","logger":"task.stdout"}
{"timestamp":"2026-09-29T15:19:26.657915Z","level":"info","event":"Received message 25/168","logger":"task.stdout"}
{"timestamp":"2026-09-29T15:19:26.658293Z","level":"info","event":"Received message 26/168","logger":"task.stdout"}
{"timestamp":"2026-09-29T15:19:26.658532Z","level":"info","event":"Received message 27/168","logger":"task.stdout"}
{"timestamp":"2026-09-29T15:19:26.658774Z","level":"info","event":"Received message 28/168","logger":"task.stdout"}
{"timestamp":"2026-09-29T15:19:26.658966Z","level":"info","event":"Received message 29/168","logger":"task.stdout"}
{"timestamp":"2026-09-29T15:19:26.659144Z","level":"info","event":"Received message 30/168","logger":"task.stdout"}
{"timestamp":"2026-09-29T15:19:26.659331Z","level":"info","event":"Received message 31/168","logger":"task.stdout"}
{"timestamp":"2026-09-29T15:19:26.659510Z","level":"info","event":"Received message 32/168","logger":"task.stdout"}
{"timestamp":"2026-09-29T15:19:26.659691Z","level":"info","event":"Received message 33/168","logger":"task.stdout"}
{"timestamp":"2026-09-29T15:19:26.659867Z","level":"info","event":"Received message 34/168","logger":"task.stdout"}
{"timestamp":"2026-09-29T15:19:26.660043Z","level":"info","event":"Received message 35/168","logger":"task.stdout"}
{"timestamp":"2026-09-29T15:19:26.660233Z","level":"info","event":"Received message 36/168","logger":"task.stdout"}
{"timestamp":"2026-09-29T15:19:26.660415Z","level":"info","event":"Received message 37/168","logger":"task.stdout"}
{"timestamp":"2026-09-29T15:19:26.660657Z","level":"info","event":"Received message 38/168","logger":"task.stdout"}
{"timestamp":"2026-09-29T15:19:26.660859Z","level":"info","event":"Received message 39/168","logger":"task.stdout"}
{"timestamp":"2026-09-29T15:19:26.661036Z","level":"info","event":"Received message 40/168","logger":"task.stdout"}
{"timestamp":"2026-09-29T15:19:26.661219Z","level":"info","event":"Received message 41/168","logger":"task.stdout"}
{"timestamp":"2026-09-29T15:19:26.661399Z","level":"info","event":"Received message 42/168","logger":"task.stdout"}
{"timestamp":"2026-09-29T15:19:26.662091Z","level":"info","event":"Received message 43/168","logger":"task.stdout"}
{"timestamp":"2026-09-29T15:19:26.662392Z","level":"info","event":"Received message 44/168","logger":"task.stdout"}
{"timestamp":"2026-09-29T15:19:26.662720Z","level":"info","event":"Received message 45/168","logger":"task.stdout"}
{"timestamp":"2026-09-29T15:19:26.663220Z","level":"info","event":"Received message 46/168","logger":"task.stdout"}
{"timestamp":"2026-09-29T15:19:26.663462Z","level":"info","event":"Received message 47/168","logger":"task.stdout"}
{"timestamp":"2026-09-29T15:19:26.663655Z","level":"info","event":"Received message 48/168","logger":"task.stdout"}
{"timestamp":"2026-09-29T15:19:26.663844Z","level":"info","event":"Received message 49/168","logger":"task.stdout"}
{"timestamp":"2026-09-29T15:19:26.664087Z","level":"info","event":"Received message 50/168","logger":"task.stdout"}
{"timestamp":"2026-09-29T15:19:26.664305Z","level":"info","event":"Received message 51/168","logger":"task.stdout"}
{"timestamp":"2026-09-29T15:19:26.664568Z","level":"info","event":"Received message 52/168","logger":"task.stdout"}
{"timestamp":"2026-09-29T15:19:26.664849Z","level":"info","event":"Received message 53/168","logger":"task.stdout"}
{"timestamp":"2026-09-29T15:19:26.665082Z","level":"info","event":"Received message 54/168","logger":"task.stdout"}
{"timestamp":"2026-09-29T15:19:26.665280Z","level":"info","event":"Received message 55/168","logger":"task.stdout"}
{"timestamp":"2026-09-29T15:19:26.665465Z","level":"info","event":"Received message 56/168","logger":"task.stdout"}
{"timestamp":"2026-09-29T15:19:26.665692Z","level":"info","event":"Received message 57/168","logger":"task.stdout"}
{"timestamp":"2026-09-29T15:19:26.665902Z","level":"info","event":"Received message 58/168","logger":"task.stdout"}
{"timestamp":"2026-09-29T15:19:26.666113Z","level":"info","event":"Received message 59/168","logger":"task.stdout"}
{"timestamp":"2026-09-29T15:19:26.666311Z","level":"info","event":"Received message 60/168","logger":"task.stdout"}
{"timestamp":"2026-09-29T15:19:26.666496Z","level":"info","event":"Received message 61/168","logger":"task.stdout"}
{"timestamp":"2026-09-29T15:19:26.666673Z","level":"info","event":"Received message 62/168","logger":"task.stdout"}
{"timestamp":"2026-09-29T15:19:26.666859Z","level":"info","event":"Received message 63/168","logger":"task.stdout"}
{"timestamp":"2026-09-29T15:19:26.667030Z","level":"info","event":"Received message 64/168","logger":"task.stdout"}
{"timestamp":"2026-09-29T15:19:26.667207Z","level":"info","event":"Received message 65/168","logger":"task.stdout"}
{"timestamp":"2026-09-29T15:19:26.667382Z","level":"info","event":"Received message 66/168","logger":"task.stdout"}
{"timestamp":"2026-09-29T15:19:26.667558Z","level":"info","event":"Received message 67/168","logger":"task.stdout"}
{"timestamp":"2026-09-29T15:19:26.667739Z","level":"info","event":"Received message 68/168","logger":"task.stdout"}
{"timestamp":"2026-09-29T15:19:26.667909Z","level":"info","event":"Received message 69/168","logger":"task.stdout"}
{"timestamp":"2026-09-29T15:19:26.668084Z","level":"info","event":"Received message 70/168","logger":"task.stdout"}
{"timestamp":"2026-09-29T15:19:26.668255Z","level":"info","event":"Received message 71/168","logger":"task.stdout"}
{"timestamp":"2026-09-29T15:19:26.668432Z","level":"info","event":"Received message 72/168","logger":"task.stdout"}
{"timestamp":"2026-09-29T15:19:26.668943Z","level":"info","event":"Received message 73/168","logger":"task.stdout"}
{"timestamp":"2026-09-29T15:19:26.669181Z","level":"info","event":"Received message 74/168","logger":"task.stdout"}
{"timestamp":"2026-09-29T15:19:26.669424Z","level":"info","event":"Received message 75/168","logger":"task.stdout"}
{"timestamp":"2026-09-29T15:19:26.669696Z","level":"info","event":"Received message 76/168","logger":"task.stdout"}
{"timestamp":"2026-09-29T15:19:26.670143Z","level":"info","event":"Received message 77/168","logger":"task.stdout"}
{"timestamp":"2026-09-29T15:19:26.670349Z","level":"info","event":"Received message 78/168","logger":"task.stdout"}
{"timestamp":"2026-09-29T15:19:26.670532Z","level":"info","event":"Received message 79/168","logger":"task.stdout"}
{"timestamp":"2026-09-29T15:19:26.670758Z","level":"info","event":"Received message 80/168","logger":"task.stdout"}
{"timestamp":"2026-09-29T15:19:26.670986Z","level":"info","event":"Received message 81/168","logger":"task.stdout"}
{"timestamp":"2026-09-29T15:19:26.671175Z","level":"info","event":"Received message 82/168","logger":"task.stdout"}
{"timestamp":"2026-09-29T15:19:26.671349Z","level":"info","event":"Received message 83/168","logger":"task.stdout"}
{"timestamp":"2026-09-29T15:19:26.671526Z","level":"info","event":"Received message 84/168","logger":"task.stdout"}
{"timestamp":"2026-09-29T15:19:26.671702Z","level":"info","event":"Received message 85/168","logger":"task.stdout"}
{"timestamp":"2026-09-29T15:19:26.671877Z","level":"info","event":"Received message 86/168","logger":"task.stdout"}
{"timestamp":"2026-09-29T15:19:26.672048Z","level":"info","event":"Received message 87/168","logger":"task.stdout"}
{"timestamp":"2026-09-29T15:19:26.672221Z","level":"info","event":"Received message 88/168","logger":"task.stdout"}
{"timestamp":"2026-09-29T15:19:26.672457Z","level":"info","event":"Received message 89/168","logger":"task.stdout"}
{"timestamp":"2026-09-29T15:19:26.672646Z","level":"info","event":"Received message 90/168","logger":"task.stdout"}
{"timestamp":"2026-09-29T15:19:26.672839Z","level":"info","event":"Received message 91/168","logger":"task.stdout"}
{"timestamp":"2026-09-29T15:19:26.673010Z","level":"info","event":"Received message 92/168","logger":"task.stdout"}
{"timestamp":"2026-09-29T15:19:26.673184Z","level":"info","event":"Received message 93/168","logger":"task.stdout"}
{"timestamp":"2026-09-29T15:19:26.673354Z","level":"info","event":"Received message 94/168","logger":"task.stdout"}
{"timestamp":"2026-09-29T15:19:26.673529Z","level":"info","event":"Received message 95/168","logger":"task.stdout"}
{"timestamp":"2026-09-29T15:19:26.673712Z","level":"info","event":"Received message 96/168","logger":"task.stdout"}
{"timestamp":"2026-09-29T15:19:26.673890Z","level":"info","event":"Received message 97/168","logger":"task.stdout"}
{"timestamp":"2026-09-29T15:19:26.674063Z","level":"info","event":"Received message 98/168","logger":"task.stdout"}
{"timestamp":"2026-09-29T15:19:26.674240Z","level":"info","event":"Received message 99/168","logger":"task.stdout"}
{"timestamp":"2026-09-29T15:19:26.674647Z","level":"info","event":"Received message 100/168","logger":"task.stdout"}
{"timestamp":"2026-09-29T15:19:26.674872Z","level":"info","event":"Received message 101/168","logger":"task.stdout"}
{"timestamp":"2026-09-29T15:19:26.675061Z","level":"info","event":"Received message 102/168","logger":"task.stdout"}
{"timestamp":"2026-09-29T15:19:26.675238Z","level":"info","event":"Received message 103/168","logger":"task.stdout"}
{"timestamp":"2026-09-29T15:19:26.675416Z","level":"info","event":"Received message 104/168","logger":"task.stdout"}
{"timestamp":"2026-09-29T15:19:26.676048Z","level":"info","event":"Received message 105/168","logger":"task.stdout"}
{"timestamp":"2026-09-29T15:19:26.676272Z","level":"info","event":"Received message 106/168","logger":"task.stdout"}
{"timestamp":"2026-09-29T15:19:26.676567Z","level":"info","event":"Received message 107/168","logger":"task.stdout"}
{"timestamp":"2026-09-29T15:19:26.676818Z","level":"info","event":"Received message 108/168","logger":"task.stdout"}
{"timestamp":"2026-09-29T15:19:26.677226Z","level":"info","event":"Received message 109/168","logger":"task.stdout"}
{"timestamp":"2026-09-29T15:19:26.677430Z","level":"info","event":"Received message 110/168","logger":"task.stdout"}
{"timestamp":"2026-09-29T15:19:26.677619Z","level":"info","event":"Received message 111/168","logger":"task.stdout"}
{"timestamp":"2026-09-29T15:19:26.677799Z","level":"info","event":"Received message 112/168","logger":"task.stdout"}
{"timestamp":"2026-09-29T15:19:26.678044Z","level":"info","event":"Received message 113/168","logger":"task.stdout"}
{"timestamp":"2026-09-29T15:19:26.678285Z","level":"info","event":"Received message 114/168","logger":"task.stdout"}
{"timestamp":"2026-09-29T15:19:26.678482Z","level":"info","event":"Received message 115/168","logger":"task.stdout"}
{"timestamp":"2026-09-29T15:19:26.678659Z","level":"info","event":"Received message 116/168","logger":"task.stdout"}
{"timestamp":"2026-09-29T15:19:26.678845Z","level":"info","event":"Received message 117/168","logger":"task.stdout"}
{"timestamp":"2026-09-29T15:19:26.679018Z","level":"info","event":"Received message 118/168","logger":"task.stdout"}
{"timestamp":"2026-09-29T15:19:26.679193Z","level":"info","event":"Received message 119/168","logger":"task.stdout"}
{"timestamp":"2026-09-29T15:19:26.679365Z","level":"info","event":"Received message 120/168","logger":"task.stdout"}
{"timestamp":"2026-09-29T15:19:26.679540Z","level":"info","event":"Received message 121/168","logger":"task.stdout"}
{"timestamp":"2026-09-29T15:19:26.679713Z","level":"info","event":"Received message 122/168","logger":"task.stdout"}
{"timestamp":"2026-09-29T15:19:26.679885Z","level":"info","event":"Received message 123/168","logger":"task.stdout"}
{"timestamp":"2026-09-29T15:19:26.680063Z","level":"info","event":"Received message 124/168","logger":"task.stdout"}
{"timestamp":"2026-09-29T15:19:26.680241Z","level":"info","event":"Received message 125/168","logger":"task.stdout"}
{"timestamp":"2026-09-29T15:19:26.680417Z","level":"info","event":"Received message 126/168","logger":"task.stdout"}
{"timestamp":"2026-09-29T15:19:26.680619Z","level":"info","event":"Received message 127/168","logger":"task.stdout"}
{"timestamp":"2026-09-29T15:19:26.680791Z","level":"info","event":"Received message 128/168","logger":"task.stdout"}
{"timestamp":"2026-09-29T15:19:26.680965Z","level":"info","event":"Received message 129/168","logger":"task.stdout"}
{"timestamp":"2026-09-29T15:19:26.681144Z","level":"info","event":"Received message 130/168","logger":"task.stdout"}
{"timestamp":"2026-09-29T15:19:26.681315Z","level":"info","event":"Received message 131/168","logger":"task.stdout"}
{"timestamp":"2026-09-29T15:19:26.681490Z","level":"info","event":"Received message 132/168","logger":"task.stdout"}
{"timestamp":"2026-09-29T15:19:26.681663Z","level":"info","event":"Received message 133/168","logger":"task.stdout"}
{"timestamp":"2026-09-29T15:19:26.681837Z","level":"info","event":"Received message 134/168","logger":"task.stdout"}
{"timestamp":"2026-09-29T15:19:26.682012Z","level":"info","event":"Received message 135/168","logger":"task.stdout"}
{"timestamp":"2026-09-29T15:19:26.682183Z","level":"info","event":"Received message 136/168","logger":"task.stdout"}
{"timestamp":"2026-09-29T15:19:26.682359Z","level":"info","event":"Received message 137/168","logger":"task.stdout"}
{"timestamp":"2026-09-29T15:19:26.682611Z","level":"info","event":"Received message 138/168","logger":"task.stdout"}
{"timestamp":"2026-09-29T15:19:26.682847Z","level":"info","event":"Received message 139/168","logger":"task.stdout"}
{"timestamp":"2026-09-29T15:19:26.683061Z","level":"info","event":"Received message 140/168","logger":"task.stdout"}
{"timestamp":"2026-09-29T15:19:26.683310Z","level":"info","event":"Received message 141/168","logger":"task.stdout"}
{"timestamp":"2026-09-29T15:19:26.683541Z","level":"info","event":"Received message 142/168","logger":"task.stdout"}
{"timestamp":"2026-09-29T15:19:26.684221Z","level":"info","event":"Received message 143/168","logger":"task.stdout"}
{"timestamp":"2026-09-29T15:19:26.684521Z","level":"info","event":"Received message 144/168","logger":"task.stdout"}
{"timestamp":"2026-09-29T15:19:26.684731Z","level":"info","event":"Received message 145/168","logger":"task.stdout"}
{"timestamp":"2026-09-29T15:19:26.684928Z","level":"info","event":"Received message 146/168","logger":"task.stdout"}
{"timestamp":"2026-09-29T15:19:26.685107Z","level":"info","event":"Received message 147/168","logger":"task.stdout"}
{"timestamp":"2026-09-29T15:19:26.685284Z","level":"info","event":"Received message 148/168","logger":"task.stdout"}
{"timestamp":"2026-09-29T15:19:26.685461Z","level":"info","event":"Received message 149/168","logger":"task.stdout"}
{"timestamp":"2026-09-29T15:19:26.685635Z","level":"info","event":"Received message 150/168","logger":"task.stdout"}
{"timestamp":"2026-09-29T15:19:26.685819Z","level":"info","event":"Received message 151/168","logger":"task.stdout"}
{"timestamp":"2026-09-29T15:19:26.685993Z","level":"info","event":"Received message 152/168","logger":"task.stdout"}
{"timestamp":"2026-09-29T15:19:26.686171Z","level":"info","event":"Received message 153/168","logger":"task.stdout"}
{"timestamp":"2026-09-29T15:19:26.686357Z","level":"info","event":"Received message 154/168","logger":"task.stdout"}
{"timestamp":"2026-09-29T15:19:26.686528Z","level":"info","event":"Received message 155/168","logger":"task.stdout"}
{"timestamp":"2026-09-29T15:19:26.686702Z","level":"info","event":"Received message 156/168","logger":"task.stdout"}
{"timestamp":"2026-09-29T15:19:26.686920Z","level":"info","event":"Received message 157/168","logger":"task.stdout"}
{"timestamp":"2026-09-29T15:19:26.687139Z","level":"info","event":"Received message 158/168","logger":"task.stdout"}
{"timestamp":"2026-09-29T15:19:26.687324Z","level":"info","event":"Received message 159/168","logger":"task.stdout"}
{"timestamp":"2026-09-29T15:19:26.687501Z","level":"info","event":"Received message 160/168","logger":"task.stdout"}
{"timestamp":"2026-09-29T15:19:26.687671Z","level":"info","event":"Received message 161/168","logger":"task.stdout"}
{"timestamp":"2026-09-29T15:19:26.687866Z","level":"info","event":"Received message 162/168","logger":"task.stdout"}
{"timestamp":"2026-09-29T15:19:26.688041Z","level":"info","event":"Received message 163/168","logger":"task.stdout"}
{"timestamp":"2026-09-29T15:19:26.688208Z","level":"info","event":"Received message 164/168","logger":"task.stdout"}
{"timestamp":"2026-09-29T15:19:26.688385Z","level":"info","event":"Received message 165/168","logger":"task.stdout"}
{"timestamp":"2026-09-29T15:19:26.688620Z","level":"info","event":"Received message 166/168","logger":"task.stdout"}
{"timestamp":"2026-09-29T15:19:26.688852Z","level":"info","event":"Received message 167/168","logger":"task.stdout"}
{"timestamp":"2026-09-29T15:19:26.689035Z","level":"info","event":"Received message 168/168","logger":"task.stdout"}
{"timestamp":"2026-09-29T15:19:26.689212Z","level":"info","event":"Successfully consumed 168 messages.","logger":"task.stdout"}
{"timestamp":"2026-09-29T15:19:26.689453Z","level":"info","event":"Saved to data/raw/weather_from_kafka.csv","logger":"task.stdout"}
{"timestamp":"2026-09-29T15:19:26.651290Z","level":"info","event":"Revoking previously assigned partitions {TopicPartition(topic='weather_data', partition=0)} for group None on close","logger":"kafka.coordinator.consumer","filename":"consumer.py","lineno":725}
{"timestamp":"2026-09-29T15:19:26.651445Z","level":"info","event":"Updated partition assignment: []","logger":"kafka.consumer.subscription_state","filename":"subscription_state.py","lineno":270}
{"timestamp":"2026-09-29T15:19:26.651940Z","level":"info","event":"<KafkaTCPTransport [172.19.0.4:29092<-58614]>: Closing transport","logger":"kafka.net.transport","run_id":"manual__2026-09-29T15:19:17.622406+00:00","map_index":-1,"ti_id":"01a0edbf-afa4-71c2-ac98-39f48d7aa910","task_id":"weather_kafka_consumer","dag_id":"climatepulse_pipeline","try_number":1,"filename":"transport.py","lineno":49}
{"timestamp":"2026-09-29T15:19:26.652323Z","level":"info","event":"<KafkaConnection node_id=1 broker_version=(4, 0) (disconnected)>: Connection closed","logger":"kafka.net.connection","run_id":"manual__2026-09-29T15:19:17.622406+00:00","map_index":-1,"ti_id":"01a0edbf-afa4-71c2-ac98-39f48d7aa910","task_id":"weather_kafka_consumer","dag_id":"climatepulse_pipeline","try_number":1,"filename":"connection.py","lineno":242}
{"timestamp":"2026-09-29T15:19:26.652670Z","level":"info","event":"Stopping metadata refresh loop","logger":"kafka.cluster","filename":"cluster.py","lineno":136}
{"timestamp":"2026-09-29T15:19:26.652771Z","level":"info","event":"IO loop exited cleanly (client_id=kafka-python-3.0.11, stop=True)","logger":"kafka.net.selector","filename":"selector.py","lineno":247}
{"timestamp":"2026-09-29T15:19:26.657117Z","level":"info","event":"Done. Returned value was: None","run_id":"manual__2026-09-29T15:19:17.622406+00:00","map_index":-1,"ti_id":"01a0edbf-afa4-71c2-ac98-39f48d7aa910","task_id":"weather_kafka_consumer","dag_id":"climatepulse_pipeline","try_number":1,"logger":"airflow.task.operators.airflow.providers.standard.operators.python.PythonOperator","filename":"python.py","lineno":233}
{"timestamp":"2026-09-29T15:19:26.657271Z","level":"info","event":"::group::Post Execute","run_id":"manual__2026-09-29T15:19:17.622406+00:00","map_index":-1,"ti_id":"01a0edbf-afa4-71c2-ac98-39f48d7aa910","task_id":"weather_kafka_consumer","dag_id":"climatepulse_pipeline","try_number":1,"logger":"task","filename":"task_runner.py","lineno":1580}
{"timestamp":"2026-09-29T15:19:26.707564Z","level":"info","event":"::endgroup::","run_id":"manual__2026-09-29T15:19:17.622406+00:00","map_index":-1,"ti_id":"01a0edbf-afa4-71c2-ac98-39f48d7aa910","task_id":"weather_kafka_consumer","dag_id":"climatepulse_pipeline","try_number":1,"logger":"task","filename":"task_runner.py","lineno":2379}
