{"timestamp":"2026-09-29T15:12:48.453017Z","level":"info","event":"::group::Pre Execute","logger":"task","filename":"task_runner.py","lineno":2412}
{"timestamp":"2026-09-29T15:12:48.476215Z","level":"info","event":"DAG bundles loaded: dags-folder","map_index":-1,"task_id":"weather_kafka_consumer","try_number":1,"run_id":"manual__2026-09-29T15:12:40.594300+00:00","ti_id":"01a0edb9-a0b5-7b97-853c-0e708a3dabeb","dag_id":"climatepulse_pipeline","logger":"airflow.dag_processing.bundles.manager.DagBundlesManager","filename":"manager.py","lineno":304}
{"timestamp":"2026-09-29T15:12:48.477756Z","level":"info","event":"Filling up the DagBag from /opt/airflow/dags/climatepulse_dag.py","map_index":-1,"task_id":"weather_kafka_consumer","try_number":1,"run_id":"manual__2026-09-29T15:12:40.594300+00:00","ti_id":"01a0edb9-a0b5-7b97-853c-0e708a3dabeb","dag_id":"climatepulse_pipeline","logger":"airflow.dag_processing.dagbag.BundleDagBag","filename":"dagbag.py","lineno":460}
{"timestamp":"2026-09-29T15:12:48.511273Z","level":"info","event":"Worker startup parse complete","bundle_name":"dags-folder","bundle_version":null,"dag_file":"climatepulse_dag.py","dag_id":"climatepulse_pipeline","bundle_prepare_ms":2,"dag_file_parse_ms":33,"map_index":-1,"task_id":"weather_kafka_consumer","try_number":1,"run_id":"manual__2026-09-29T15:12:40.594300+00:00","ti_id":"01a0edb9-a0b5-7b97-853c-0e708a3dabeb","logger":"task","filename":"task_runner.py","lineno":1073}
{"timestamp":"2026-09-29T15:12:48.538268Z","level":"info","event":"::endgroup::","map_index":-1,"task_id":"weather_kafka_consumer","try_number":1,"run_id":"manual__2026-09-29T15:12:40.594300+00:00","ti_id":"01a0edb9-a0b5-7b97-853c-0e708a3dabeb","dag_id":"climatepulse_pipeline","logger":"task","filename":"task_runner.py","lineno":2232}
{"timestamp":"2026-09-29T15:12:48.762119Z","level":"info","event":"IO loop starting (client_id=kafka-python-3.0.11)","logger":"kafka.net.selector","filename":"selector.py","lineno":236}
{"timestamp":"2026-09-29T15:12:48.762686Z","level":"info","event":"Attempting bootstrap to bootstrap-0 at climatepulse-kafka:29092 (rack None)","logger":"kafka.net.manager","filename":"manager.py","lineno":119}
{"timestamp":"2026-09-29T15:12:48.762798Z","level":"info","event":"Initializing connection for node_id bootstrap-0 at climatepulse-kafka:29092 (rack=None)","logger":"kafka.net.manager","filename":"manager.py","lineno":282}
{"timestamp":"2026-09-29T15:12:48.764369Z","level":"info","event":"<KafkaTCPTransport [172.19.0.4:29092<-50984]>: connected to <socket.socket fd=32, family=2, type=1, proto=6, laddr=('172.19.0.3', 50984), raddr=('172.19.0.4', 29092)>","logger":"kafka.net.transport","filename":"transport.py","lineno":354}
{"timestamp":"2026-09-29T15:12:48.767766Z","level":"info","event":"<KafkaConnection node_id=bootstrap-0 host=[172.19.0.4:29092<-50984] broker_version=unknown (initializing)>: Broker version identified as 4.0","logger":"kafka.net.connection","filename":"connection.py","lineno":415}
{"timestamp":"2026-09-29T15:12:48.768135Z","level":"info","event":"<KafkaConnection node_id=bootstrap-0 host=[172.19.0.4:29092<-50984] broker_version=(4, 0) (connected)>: Connected","logger":"kafka.net.connection","filename":"connection.py","lineno":375}
{"timestamp":"2026-09-29T15:12:48.774420Z","level":"info","event":"Updated metadata: ClusterMetadata(brokers: 1, topics: 0, coordinators: 0)","logger":"kafka.cluster","filename":"cluster.py","lineno":638}
{"timestamp":"2026-09-29T15:12:48.774637Z","level":"info","event":"Bootstrap complete: ClusterMetadata(brokers: 1, topics: 0, coordinators: 0)","logger":"kafka.net.manager","filename":"manager.py","lineno":162}
{"timestamp":"2026-09-29T15:12:48.774702Z","level":"info","event":"Closing bootstrap connection bootstrap-0","logger":"kafka.net.manager","filename":"manager.py","lineno":165}
{"timestamp":"2026-09-29T15:12:48.774993Z","level":"info","event":"<KafkaTCPTransport [172.19.0.4:29092<-50984]>: Closing transport","logger":"kafka.net.transport","filename":"transport.py","lineno":49}
{"timestamp":"2026-09-29T15:12:48.775326Z","level":"info","event":"<KafkaConnection node_id=bootstrap-0 broker_version=(4, 0) (disconnected)>: Connection closed","logger":"kafka.net.connection","filename":"connection.py","lineno":242}
{"timestamp":"2026-09-29T15:12:48.775506Z","level":"info","event":"Starting metadata refresh loop","logger":"kafka.cluster","filename":"cluster.py","lineno":120}
{"timestamp":"2026-09-29T15:12:48.776872Z","level":"info","event":"Updating subscribed topics to: ('weather_data',)","logger":"kafka.consumer.subscription_state","map_index":-1,"task_id":"weather_kafka_consumer","try_number":1,"run_id":"manual__2026-09-29T15:12:40.594300+00:00","ti_id":"01a0edb9-a0b5-7b97-853c-0e708a3dabeb","dag_id":"climatepulse_pipeline","filename":"subscription_state.py","lineno":178}
{"timestamp":"2026-09-29T15:12:48.874889Z","level":"info","event":"Initializing connection for node_id 1 at climatepulse-kafka:29092 (rack=None)","logger":"kafka.net.manager","filename":"manager.py","lineno":282}
{"timestamp":"2026-09-29T15:12:48.876277Z","level":"info","event":"<KafkaTCPTransport [172.19.0.4:29092<-50994]>: connected to <socket.socket fd=32, family=2, type=1, proto=6, laddr=('172.19.0.3', 50994), raddr=('172.19.0.4', 29092)>","logger":"kafka.net.transport","filename":"transport.py","lineno":354}
{"timestamp":"2026-09-29T15:12:48.878493Z","level":"info","event":"<KafkaConnection node_id=1 host=[172.19.0.4:29092<-50994] broker_version=(4, 0) (connected)>: Connected","logger":"kafka.net.connection","filename":"connection.py","lineno":375}
{"timestamp":"2026-09-29T15:12:48.879851Z","level":"info","event":"Updated metadata: ClusterMetadata(brokers: 1, topics: 1, coordinators: 0)","logger":"kafka.cluster","filename":"cluster.py","lineno":638}
{"timestamp":"2026-09-29T15:12:48.880330Z","level":"info","event":"Updated partition assignment: [TopicPartition(topic='weather_data', partition=0)]","logger":"kafka.consumer.subscription_state","filename":"subscription_state.py","lineno":270}
{"timestamp":"2026-09-29T15:12:48.983075Z","level":"info","event":"Resetting offset for partition TopicPartition(topic='weather_data', partition=0) to offset 0.","logger":"kafka.consumer.fetcher","filename":"fetcher.py","lineno":688}
{"timestamp":"2026-09-29T15:12:49.002103Z","level":"info","event":"Received message 1/168","logger":"task.stdout"}
{"timestamp":"2026-09-29T15:12:49.002840Z","level":"info","event":"Received message 2/168","logger":"task.stdout"}
{"timestamp":"2026-09-29T15:12:49.003272Z","level":"info","event":"Received message 3/168","logger":"task.stdout"}
{"timestamp":"2026-09-29T15:12:49.003689Z","level":"info","event":"Received message 4/168","logger":"task.stdout"}
{"timestamp":"2026-09-29T15:12:49.003994Z","level":"info","event":"Received message 5/168","logger":"task.stdout"}
{"timestamp":"2026-09-29T15:12:49.004308Z","level":"info","event":"Received message 6/168","logger":"task.stdout"}
{"timestamp":"2026-09-29T15:12:49.004616Z","level":"info","event":"Received message 7/168","logger":"task.stdout"}
{"timestamp":"2026-09-29T15:12:49.004863Z","level":"info","event":"Received message 8/168","logger":"task.stdout"}
{"timestamp":"2026-09-29T15:12:49.005105Z","level":"info","event":"Received message 9/168","logger":"task.stdout"}
{"timestamp":"2026-09-29T15:12:49.005323Z","level":"info","event":"Received message 10/168","logger":"task.stdout"}
{"timestamp":"2026-09-29T15:12:49.005533Z","level":"info","event":"Received message 11/168","logger":"task.stdout"}
{"timestamp":"2026-09-29T15:12:49.005726Z","level":"info","event":"Received message 12/168","logger":"task.stdout"}
{"timestamp":"2026-09-29T15:12:49.005934Z","level":"info","event":"Received message 13/168","logger":"task.stdout"}
{"timestamp":"2026-09-29T15:12:49.006167Z","level":"info","event":"Received message 14/168","logger":"task.stdout"}
{"timestamp":"2026-09-29T15:12:49.006389Z","level":"info","event":"Received message 15/168","logger":"task.stdout"}
{"timestamp":"2026-09-29T15:12:49.006607Z","level":"info","event":"Received message 16/168","logger":"task.stdout"}
{"timestamp":"2026-09-29T15:12:49.006881Z","level":"info","event":"Received message 17/168","logger":"task.stdout"}
{"timestamp":"2026-09-29T15:12:49.007189Z","level":"info","event":"Received message 18/168","logger":"task.stdout"}
{"timestamp":"2026-09-29T15:12:49.007494Z","level":"info","event":"Received message 19/168","logger":"task.stdout"}
{"timestamp":"2026-09-29T15:12:49.007816Z","level":"info","event":"Received message 20/168","logger":"task.stdout"}
{"timestamp":"2026-09-29T15:12:49.008073Z","level":"info","event":"Received message 21/168","logger":"task.stdout"}
{"timestamp":"2026-09-29T15:12:49.008275Z","level":"info","event":"Received message 22/168","logger":"task.stdout"}
{"timestamp":"2026-09-29T15:12:49.008517Z","level":"info","event":"Received message 23/168","logger":"task.stdout"}
{"timestamp":"2026-09-29T15:12:49.009215Z","level":"info","event":"Received message 24/168","logger":"task.stdout"}
{"timestamp":"2026-09-29T15:12:49.009528Z","level":"info","event":"Received message 25/168","logger":"task.stdout"}
{"timestamp":"2026-09-29T15:12:49.010028Z","level":"info","event":"Received message 26/168","logger":"task.stdout"}
{"timestamp":"2026-09-29T15:12:49.010354Z","level":"info","event":"Received message 27/168","logger":"task.stdout"}
{"timestamp":"2026-09-29T15:12:49.010587Z","level":"info","event":"Received message 28/168","logger":"task.stdout"}
{"timestamp":"2026-09-29T15:12:49.010807Z","level":"info","event":"Received message 29/168","logger":"task.stdout"}
{"timestamp":"2026-09-29T15:12:49.011197Z","level":"info","event":"Received message 30/168","logger":"task.stdout"}
{"timestamp":"2026-09-29T15:12:49.011468Z","level":"info","event":"Received message 31/168","logger":"task.stdout"}
{"timestamp":"2026-09-29T15:12:49.011769Z","level":"info","event":"Received message 32/168","logger":"task.stdout"}
{"timestamp":"2026-09-29T15:12:49.012035Z","level":"info","event":"Received message 33/168","logger":"task.stdout"}
{"timestamp":"2026-09-29T15:12:49.012280Z","level":"info","event":"Received message 34/168","logger":"task.stdout"}
{"timestamp":"2026-09-29T15:12:49.012534Z","level":"info","event":"Received message 35/168","logger":"task.stdout"}
{"timestamp":"2026-09-29T15:12:49.012777Z","level":"info","event":"Received message 36/168","logger":"task.stdout"}
{"timestamp":"2026-09-29T15:12:49.012959Z","level":"info","event":"Received message 37/168","logger":"task.stdout"}
{"timestamp":"2026-09-29T15:12:49.013340Z","level":"info","event":"Received message 38/168","logger":"task.stdout"}
{"timestamp":"2026-09-29T15:12:49.013629Z","level":"info","event":"Received message 39/168","logger":"task.stdout"}
{"timestamp":"2026-09-29T15:12:49.013868Z","level":"info","event":"Received message 40/168","logger":"task.stdout"}
{"timestamp":"2026-09-29T15:12:49.014093Z","level":"info","event":"Received message 41/168","logger":"task.stdout"}
{"timestamp":"2026-09-29T15:12:49.014341Z","level":"info","event":"Received message 42/168","logger":"task.stdout"}
{"timestamp":"2026-09-29T15:12:49.014594Z","level":"info","event":"Received message 43/168","logger":"task.stdout"}
{"timestamp":"2026-09-29T15:12:49.014838Z","level":"info","event":"Received message 44/168","logger":"task.stdout"}
{"timestamp":"2026-09-29T15:12:49.015086Z","level":"info","event":"Received message 45/168","logger":"task.stdout"}
{"timestamp":"2026-09-29T15:12:49.015366Z","level":"info","event":"Received message 46/168","logger":"task.stdout"}
{"timestamp":"2026-09-29T15:12:49.015613Z","level":"info","event":"Received message 47/168","logger":"task.stdout"}
{"timestamp":"2026-09-29T15:12:49.016292Z","level":"info","event":"Received message 48/168","logger":"task.stdout"}
{"timestamp":"2026-09-29T15:12:49.016518Z","level":"info","event":"Received message 49/168","logger":"task.stdout"}
{"timestamp":"2026-09-29T15:12:49.016763Z","level":"info","event":"Received message 50/168","logger":"task.stdout"}
{"timestamp":"2026-09-29T15:12:49.017088Z","level":"info","event":"Received message 51/168","logger":"task.stdout"}
{"timestamp":"2026-09-29T15:12:49.017331Z","level":"info","event":"Received message 52/168","logger":"task.stdout"}
{"timestamp":"2026-09-29T15:12:49.017566Z","level":"info","event":"Received message 53/168","logger":"task.stdout"}
{"timestamp":"2026-09-29T15:12:49.017814Z","level":"info","event":"Received message 54/168","logger":"task.stdout"}
{"timestamp":"2026-09-29T15:12:49.018099Z","level":"info","event":"Received message 55/168","logger":"task.stdout"}
{"timestamp":"2026-09-29T15:12:49.018342Z","level":"info","event":"Received message 56/168","logger":"task.stdout"}
{"timestamp":"2026-09-29T15:12:49.018580Z","level":"info","event":"Received message 57/168","logger":"task.stdout"}
{"timestamp":"2026-09-29T15:12:49.018867Z","level":"info","event":"Received message 58/168","logger":"task.stdout"}
{"timestamp":"2026-09-29T15:12:49.019121Z","level":"info","event":"Received message 59/168","logger":"task.stdout"}
{"timestamp":"2026-09-29T15:12:49.019355Z","level":"info","event":"Received message 60/168","logger":"task.stdout"}
{"timestamp":"2026-09-29T15:12:49.019636Z","level":"info","event":"Received message 61/168","logger":"task.stdout"}
{"timestamp":"2026-09-29T15:12:49.019874Z","level":"info","event":"Received message 62/168","logger":"task.stdout"}
{"timestamp":"2026-09-29T15:12:49.020098Z","level":"info","event":"Received message 63/168","logger":"task.stdout"}
{"timestamp":"2026-09-29T15:12:49.020335Z","level":"info","event":"Received message 64/168","logger":"task.stdout"}
{"timestamp":"2026-09-29T15:12:49.020530Z","level":"info","event":"Received message 65/168","logger":"task.stdout"}
{"timestamp":"2026-09-29T15:12:49.020752Z","level":"info","event":"Received message 66/168","logger":"task.stdout"}
{"timestamp":"2026-09-29T15:12:49.020995Z","level":"info","event":"Received message 67/168","logger":"task.stdout"}
{"timestamp":"2026-09-29T15:12:49.021236Z","level":"info","event":"Received message 68/168","logger":"task.stdout"}
{"timestamp":"2026-09-29T15:12:49.021432Z","level":"info","event":"Received message 69/168","logger":"task.stdout"}
{"timestamp":"2026-09-29T15:12:49.021678Z","level":"info","event":"Received message 70/168","logger":"task.stdout"}
{"timestamp":"2026-09-29T15:12:49.021883Z","level":"info","event":"Received message 71/168","logger":"task.stdout"}
{"timestamp":"2026-09-29T15:12:49.022131Z","level":"info","event":"Received message 72/168","logger":"task.stdout"}
{"timestamp":"2026-09-29T15:12:49.022378Z","level":"info","event":"Received message 73/168","logger":"task.stdout"}
{"timestamp":"2026-09-29T15:12:49.023010Z","level":"info","event":"Received message 74/168","logger":"task.stdout"}
{"timestamp":"2026-09-29T15:12:49.023242Z","level":"info","event":"Received message 75/168","logger":"task.stdout"}
{"timestamp":"2026-09-29T15:12:49.023569Z","level":"info","event":"Received message 76/168","logger":"task.stdout"}
{"timestamp":"2026-09-29T15:12:49.023849Z","level":"info","event":"Received message 77/168","logger":"task.stdout"}
{"timestamp":"2026-09-29T15:12:49.024112Z","level":"info","event":"Received message 78/168","logger":"task.stdout"}
{"timestamp":"2026-09-29T15:12:49.024416Z","level":"info","event":"Received message 79/168","logger":"task.stdout"}
{"timestamp":"2026-09-29T15:12:49.024613Z","level":"info","event":"Received message 80/168","logger":"task.stdout"}
{"timestamp":"2026-09-29T15:12:49.024857Z","level":"info","event":"Received message 81/168","logger":"task.stdout"}
{"timestamp":"2026-09-29T15:12:49.025121Z","level":"info","event":"Received message 82/168","logger":"task.stdout"}
{"timestamp":"2026-09-29T15:12:49.025398Z","level":"info","event":"Received message 83/168","logger":"task.stdout"}
{"timestamp":"2026-09-29T15:12:49.025621Z","level":"info","event":"Received message 84/168","logger":"task.stdout"}
{"timestamp":"2026-09-29T15:12:49.025907Z","level":"info","event":"Received message 85/168","logger":"task.stdout"}
{"timestamp":"2026-09-29T15:12:49.026236Z","level":"info","event":"Received message 86/168","logger":"task.stdout"}
{"timestamp":"2026-09-29T15:12:49.026459Z","level":"info","event":"Received message 87/168","logger":"task.stdout"}
{"timestamp":"2026-09-29T15:12:49.026676Z","level":"info","event":"Received message 88/168","logger":"task.stdout"}
{"timestamp":"2026-09-29T15:12:49.026947Z","level":"info","event":"Received message 89/168","logger":"task.stdout"}
{"timestamp":"2026-09-29T15:12:49.027178Z","level":"info","event":"Received message 90/168","logger":"task.stdout"}
{"timestamp":"2026-09-29T15:12:49.027388Z","level":"info","event":"Received message 91/168","logger":"task.stdout"}
{"timestamp":"2026-09-29T15:12:49.027614Z","level":"info","event":"Received message 92/168","logger":"task.stdout"}
{"timestamp":"2026-09-29T15:12:49.027806Z","level":"info","event":"Received message 93/168","logger":"task.stdout"}
{"timestamp":"2026-09-29T15:12:49.028028Z","level":"info","event":"Received message 94/168","logger":"task.stdout"}
{"timestamp":"2026-09-29T15:12:49.028222Z","level":"info","event":"Received message 95/168","logger":"task.stdout"}
{"timestamp":"2026-09-29T15:12:49.028418Z","level":"info","event":"Received message 96/168","logger":"task.stdout"}
{"timestamp":"2026-09-29T15:12:49.028627Z","level":"info","event":"Received message 97/168","logger":"task.stdout"}
{"timestamp":"2026-09-29T15:12:49.028819Z","level":"info","event":"Received message 98/168","logger":"task.stdout"}
{"timestamp":"2026-09-29T15:12:49.029001Z","level":"info","event":"Received message 99/168","logger":"task.stdout"}
{"timestamp":"2026-09-29T15:12:49.029187Z","level":"info","event":"Received message 100/168","logger":"task.stdout"}
{"timestamp":"2026-09-29T15:12:49.029396Z","level":"info","event":"Received message 101/168","logger":"task.stdout"}
{"timestamp":"2026-09-29T15:12:49.029637Z","level":"info","event":"Received message 102/168","logger":"task.stdout"}
{"timestamp":"2026-09-29T15:12:49.030083Z","level":"info","event":"Received message 103/168","logger":"task.stdout"}
{"timestamp":"2026-09-29T15:12:49.030295Z","level":"info","event":"Received message 104/168","logger":"task.stdout"}
{"timestamp":"2026-09-29T15:12:49.030503Z","level":"info","event":"Received message 105/168","logger":"task.stdout"}
{"timestamp":"2026-09-29T15:12:49.030700Z","level":"info","event":"Received message 106/168","logger":"task.stdout"}
{"timestamp":"2026-09-29T15:12:49.031014Z","level":"info","event":"Received message 107/168","logger":"task.stdout"}
{"timestamp":"2026-09-29T15:12:49.031235Z","level":"info","event":"Received message 108/168","logger":"task.stdout"}
{"timestamp":"2026-09-29T15:12:49.031468Z","level":"info","event":"Received message 109/168","logger":"task.stdout"}
{"timestamp":"2026-09-29T15:12:49.031685Z","level":"info","event":"Received message 110/168","logger":"task.stdout"}
{"timestamp":"2026-09-29T15:12:49.031898Z","level":"info","event":"Received message 111/168","logger":"task.stdout"}
{"timestamp":"2026-09-29T15:12:49.032244Z","level":"info","event":"Received message 112/168","logger":"task.stdout"}
{"timestamp":"2026-09-29T15:12:49.032481Z","level":"info","event":"Received message 113/168","logger":"task.stdout"}
{"timestamp":"2026-09-29T15:12:49.032679Z","level":"info","event":"Received message 114/168","logger":"task.stdout"}
{"timestamp":"2026-09-29T15:12:49.032902Z","level":"info","event":"Received message 115/168","logger":"task.stdout"}
{"timestamp":"2026-09-29T15:12:49.033131Z","level":"info","event":"Received message 116/168","logger":"task.stdout"}
{"timestamp":"2026-09-29T15:12:49.033353Z","level":"info","event":"Received message 117/168","logger":"task.stdout"}
{"timestamp":"2026-09-29T15:12:49.033567Z","level":"info","event":"Received message 118/168","logger":"task.stdout"}
{"timestamp":"2026-09-29T15:12:49.033783Z","level":"info","event":"Received message 119/168","logger":"task.stdout"}
{"timestamp":"2026-09-29T15:12:49.034004Z","level":"info","event":"Received message 120/168","logger":"task.stdout"}
{"timestamp":"2026-09-29T15:12:49.034231Z","level":"info","event":"Received message 121/168","logger":"task.stdout"}
{"timestamp":"2026-09-29T15:12:49.034439Z","level":"info","event":"Received message 122/168","logger":"task.stdout"}
{"timestamp":"2026-09-29T15:12:49.034666Z","level":"info","event":"Received message 123/168","logger":"task.stdout"}
{"timestamp":"2026-09-29T15:12:49.034929Z","level":"info","event":"Received message 124/168","logger":"task.stdout"}
{"timestamp":"2026-09-29T15:12:49.035163Z","level":"info","event":"Received message 125/168","logger":"task.stdout"}
{"timestamp":"2026-09-29T15:12:49.035377Z","level":"info","event":"Received message 126/168","logger":"task.stdout"}
{"timestamp":"2026-09-29T15:12:49.035584Z","level":"info","event":"Received message 127/168","logger":"task.stdout"}
{"timestamp":"2026-09-29T15:12:49.035786Z","level":"info","event":"Received message 128/168","logger":"task.stdout"}
{"timestamp":"2026-09-29T15:12:49.035997Z","level":"info","event":"Received message 129/168","logger":"task.stdout"}
{"timestamp":"2026-09-29T15:12:49.036211Z","level":"info","event":"Received message 130/168","logger":"task.stdout"}
{"timestamp":"2026-09-29T15:12:49.036411Z","level":"info","event":"Received message 131/168","logger":"task.stdout"}
{"timestamp":"2026-09-29T15:12:49.036624Z","level":"info","event":"Received message 132/168","logger":"task.stdout"}
{"timestamp":"2026-09-29T15:12:49.037047Z","level":"info","event":"Received message 133/168","logger":"task.stdout"}
{"timestamp":"2026-09-29T15:12:49.037302Z","level":"info","event":"Received message 134/168","logger":"task.stdout"}
{"timestamp":"2026-09-29T15:12:49.037492Z","level":"info","event":"Received message 135/168","logger":"task.stdout"}
{"timestamp":"2026-09-29T15:12:49.037726Z","level":"info","event":"Received message 136/168","logger":"task.stdout"}
{"timestamp":"2026-09-29T15:12:49.037915Z","level":"info","event":"Received message 137/168","logger":"task.stdout"}
{"timestamp":"2026-09-29T15:12:49.038135Z","level":"info","event":"Received message 138/168","logger":"task.stdout"}
{"timestamp":"2026-09-29T15:12:49.038332Z","level":"info","event":"Received message 139/168","logger":"task.stdout"}
{"timestamp":"2026-09-29T15:12:49.038550Z","level":"info","event":"Received message 140/168","logger":"task.stdout"}
{"timestamp":"2026-09-29T15:12:49.038773Z","level":"info","event":"Received message 141/168","logger":"task.stdout"}
{"timestamp":"2026-09-29T15:12:49.039559Z","level":"info","event":"Received message 142/168","logger":"task.stdout"}
{"timestamp":"2026-09-29T15:12:49.039799Z","level":"info","event":"Received message 143/168","logger":"task.stdout"}
{"timestamp":"2026-09-29T15:12:49.040049Z","level":"info","event":"Received message 144/168","logger":"task.stdout"}
{"timestamp":"2026-09-29T15:12:49.040276Z","level":"info","event":"Received message 145/168","logger":"task.stdout"}
{"timestamp":"2026-09-29T15:12:49.040469Z","level":"info","event":"Received message 146/168","logger":"task.stdout"}
{"timestamp":"2026-09-29T15:12:49.040715Z","level":"info","event":"Received message 147/168","logger":"task.stdout"}
{"timestamp":"2026-09-29T15:12:49.040902Z","level":"info","event":"Received message 148/168","logger":"task.stdout"}
{"timestamp":"2026-09-29T15:12:49.041130Z","level":"info","event":"Received message 149/168","logger":"task.stdout"}
{"timestamp":"2026-09-29T15:12:49.041623Z","level":"info","event":"Received message 150/168","logger":"task.stdout"}
{"timestamp":"2026-09-29T15:12:49.041835Z","level":"info","event":"Received message 151/168","logger":"task.stdout"}
{"timestamp":"2026-09-29T15:12:49.042055Z","level":"info","event":"Received message 152/168","logger":"task.stdout"}
{"timestamp":"2026-09-29T15:12:49.042249Z","level":"info","event":"Received message 153/168","logger":"task.stdout"}
{"timestamp":"2026-09-29T15:12:49.042430Z","level":"info","event":"Received message 154/168","logger":"task.stdout"}
{"timestamp":"2026-09-29T15:12:49.042652Z","level":"info","event":"Received message 155/168","logger":"task.stdout"}
{"timestamp":"2026-09-29T15:12:49.042871Z","level":"info","event":"Received message 156/168","logger":"task.stdout"}
{"timestamp":"2026-09-29T15:12:49.043090Z","level":"info","event":"Received message 157/168","logger":"task.stdout"}
{"timestamp":"2026-09-29T15:12:49.043316Z","level":"info","event":"Received message 158/168","logger":"task.stdout"}
{"timestamp":"2026-09-29T15:12:49.043574Z","level":"info","event":"Received message 159/168","logger":"task.stdout"}
{"timestamp":"2026-09-29T15:12:49.044016Z","level":"info","event":"Received message 160/168","logger":"task.stdout"}
{"timestamp":"2026-09-29T15:12:49.044217Z","level":"info","event":"Received message 161/168","logger":"task.stdout"}
{"timestamp":"2026-09-29T15:12:49.044425Z","level":"info","event":"Received message 162/168","logger":"task.stdout"}
{"timestamp":"2026-09-29T15:12:49.044615Z","level":"info","event":"Received message 163/168","logger":"task.stdout"}
{"timestamp":"2026-09-29T15:12:49.044842Z","level":"info","event":"Received message 164/168","logger":"task.stdout"}
{"timestamp":"2026-09-29T15:12:49.045046Z","level":"info","event":"Received message 165/168","logger":"task.stdout"}
{"timestamp":"2026-09-29T15:12:49.045272Z","level":"info","event":"Received message 166/168","logger":"task.stdout"}
{"timestamp":"2026-09-29T15:12:49.045447Z","level":"info","event":"Received message 167/168","logger":"task.stdout"}
{"timestamp":"2026-09-29T15:12:49.045654Z","level":"info","event":"Received message 168/168","logger":"task.stdout"}
{"timestamp":"2026-09-29T15:12:49.004171Z","level":"info","event":"Revoking previously assigned partitions {TopicPartition(topic='weather_data', partition=0)} for group None on close","logger":"kafka.coordinator.consumer","filename":"consumer.py","lineno":725}
{"timestamp":"2026-09-29T15:12:49.004339Z","level":"info","event":"Updated partition assignment: []","logger":"kafka.consumer.subscription_state","filename":"subscription_state.py","lineno":270}
{"timestamp":"2026-09-29T15:12:49.004863Z","level":"info","event":"<KafkaTCPTransport [172.19.0.4:29092<-50994]>: Closing transport","logger":"kafka.net.transport","map_index":-1,"task_id":"weather_kafka_consumer","try_number":1,"run_id":"manual__2026-09-29T15:12:40.594300+00:00","ti_id":"01a0edb9-a0b5-7b97-853c-0e708a3dabeb","dag_id":"climatepulse_pipeline","filename":"transport.py","lineno":49}
{"timestamp":"2026-09-29T15:12:49.005193Z","level":"info","event":"<KafkaConnection node_id=1 broker_version=(4, 0) (disconnected)>: Connection closed","logger":"kafka.net.connection","map_index":-1,"task_id":"weather_kafka_consumer","try_number":1,"run_id":"manual__2026-09-29T15:12:40.594300+00:00","ti_id":"01a0edb9-a0b5-7b97-853c-0e708a3dabeb","dag_id":"climatepulse_pipeline","filename":"connection.py","lineno":242}
{"timestamp":"2026-09-29T15:12:49.005466Z","level":"info","event":"Stopping metadata refresh loop","logger":"kafka.cluster","filename":"cluster.py","lineno":136}
{"timestamp":"2026-09-29T15:12:49.005581Z","level":"info","event":"IO loop exited cleanly (client_id=kafka-python-3.0.11, stop=True)","logger":"kafka.net.selector","filename":"selector.py","lineno":247}
{"timestamp":"2026-09-29T15:12:49.017011Z","level":"info","event":"Done. Returned value was: None","map_index":-1,"task_id":"weather_kafka_consumer","try_number":1,"run_id":"manual__2026-09-29T15:12:40.594300+00:00","ti_id":"01a0edb9-a0b5-7b97-853c-0e708a3dabeb","dag_id":"climatepulse_pipeline","logger":"airflow.task.operators.airflow.providers.standard.operators.python.PythonOperator","filename":"python.py","lineno":233}
{"timestamp":"2026-09-29T15:12:49.017216Z","level":"info","event":"::group::Post Execute","map_index":-1,"task_id":"weather_kafka_consumer","try_number":1,"run_id":"manual__2026-09-29T15:12:40.594300+00:00","ti_id":"01a0edb9-a0b5-7b97-853c-0e708a3dabeb","dag_id":"climatepulse_pipeline","logger":"task","filename":"task_runner.py","lineno":1580}
{"timestamp":"2026-09-29T15:12:49.048471Z","level":"info","event":"Successfully consumed 168 messages.","logger":"task.stdout"}
{"timestamp":"2026-09-29T15:12:49.048724Z","level":"info","event":"Saved to data/raw/weather_from_kafka.csv","logger":"task.stdout"}
{"timestamp":"2026-09-29T15:12:49.071233Z","level":"info","event":"::endgroup::","map_index":-1,"task_id":"weather_kafka_consumer","try_number":1,"run_id":"manual__2026-09-29T15:12:40.594300+00:00","ti_id":"01a0edb9-a0b5-7b97-853c-0e708a3dabeb","dag_id":"climatepulse_pipeline","logger":"task","filename":"task_runner.py","lineno":2379}
